// Jest Snapshot v1, https://goo.gl/fbAQLP

exports[`<EditProfile /> matches snapshot 1`] = `null`;
