// Jest Snapshot v1, https://goo.gl/fbAQLP

exports[`<Home /> matches snapshot 1`] = `
Array [
  <div>
    <nav
      className="navbar navbar navbar-expand-md navbar-light bg-light"
    >
      <a
        className="navbar-brand"
        href="/"
      >
        <i>
          Griipe
        </i>
      </a>
      <button
        className="navbar-toggler"
        type="button"
      >
        <span
          className="navbar-toggler-icon"
        />
      </button>
      <div
        className="collapse navbar-collapse"
        style={Object {}}
      >
        <ul
          className="ml-auto navbar-nav"
        />
      </div>
    </nav>
  </div>,
  <div
    className="recording-loader loader"
  >
    <h1>
      Griipe
    </h1>
    <br />
    <div
      className="spinner-border"
      role="status"
      style={
        Object {
          "height": "3rem",
          "width": "3rem",
        }
      }
    >
      <span
        className="sr-only"
      >
        Loading...
      </span>
    </div>
  </div>,
]
`;
